a
ap
app
appl
apple
p
pp
ppl
pple
p
pl
ple
l
le
e
a
ag
ago
agod
agodo
g
go
god
godo
o
od
odo
d
do
o
n
nn
nne
nner
nnert
n
ne
ner
nert
e
er
ert
r
rt
t
